Font.hpp:158:13:touchgfx::Font::~Font()	16	static
Font.hpp:158:13:virtual touchgfx::Font::~Font()	16	static
ConstFont.hpp:37:7:touchgfx::ConstFont::~ConstFont()	16	static
ConstFont.hpp:37:7:virtual touchgfx::ConstFont::~ConstFont()	16	static
FontGetters.cpp:17:154:void __tcf_0()	8	static
FontGetters.cpp:15:30:touchgfx::InternalFlashFont& getFont_verdana_10_4bpp()	40	static
FontGetters.cpp:29:154:void __tcf_1()	8	static
FontGetters.cpp:27:30:touchgfx::InternalFlashFont& getFont_verdana_20_4bpp()	40	static
FontGetters.cpp:41:154:void __tcf_2()	8	static
FontGetters.cpp:39:30:touchgfx::InternalFlashFont& getFont_verdana_40_4bpp()	40	static
InternalFlashFont.hpp:34:7:touchgfx::InternalFlashFont::~InternalFlashFont()	16	static
InternalFlashFont.hpp:34:7:virtual touchgfx::InternalFlashFont::~InternalFlashFont()	16	static
