bsp_driver_sd.c:42:9:BSP_SD_Init	16	static
bsp_driver_sd.c:72:9:BSP_SD_ITConfig	4	static
bsp_driver_sd.c:90:9:BSP_SD_ReadBlocks	40	static
bsp_driver_sd.c:113:9:BSP_SD_WriteBlocks	40	static
bsp_driver_sd.c:135:9:BSP_SD_ReadBlocks_DMA	32	static
bsp_driver_sd.c:158:9:BSP_SD_WriteBlocks_DMA	32	static
bsp_driver_sd.c:180:9:BSP_SD_Erase	24	static
bsp_driver_sd.c:203:9:BSP_SD_GetCardState	8	static
bsp_driver_sd.c:213:6:BSP_SD_GetCardInfo	16	static
bsp_driver_sd.c:227:6:HAL_SD_AbortCallback	16	static
bsp_driver_sd.c:237:6:HAL_SD_TxCpltCallback	16	static
bsp_driver_sd.c:247:6:HAL_SD_RxCpltCallback	16	static
bsp_driver_sd.c:257:13:BSP_SD_AbortCallback	4	static
bsp_driver_sd.c:266:13:BSP_SD_WriteCpltCallback	4	static
bsp_driver_sd.c:275:13:BSP_SD_ReadCpltCallback	4	static
bsp_driver_sd.c:287:9:BSP_SD_IsDetected	16	static
