HW_Init.cpp:92:6:void MX_LCD_Init()	64	static
HW_Init.cpp:148:6:void MX_FMC_Init()	40	static
HW_Init.cpp:199:6:void MX_SDRAM_InitEx()	16	static
HW_Init.cpp:255:6:void MX_DMA2D_Init()	8	static
HW_Init.cpp:281:6:void HAL_LTDC_MspInit(LTDC_HandleTypeDef*)	64	static
HW_Init.cpp:375:6:void HAL_LTDC_MspDeInit(LTDC_HandleTypeDef*)	16	static
HW_Init.cpp:440:13:void HAL_FMC_MspInit()	32	static
HW_Init.cpp:545:6:void HAL_SDRAM_MspInit(SDRAM_HandleTypeDef*)	16	static
HW_Init.cpp:557:13:void HAL_FMC_MspDeInit()	8	static
HW_Init.cpp:631:6:void HAL_SDRAM_MspDeInit(SDRAM_HandleTypeDef*)	16	static
HW_Init.cpp:641:6:void HAL_DMA2D_MspInit(DMA2D_HandleTypeDef*)	24	static
HW_Init.cpp:660:6:void HAL_DMA2D_MspDeInit(DMA2D_HandleTypeDef*)	16	static
