main.cpp:124:5:int main()	40	static
main.cpp:224:6:void SystemClock_Config()	216	static
main.cpp:306:13:void MX_ADC3_Init()	24	static
main.cpp:356:13:void MX_CRC_Init()	8	static
main.cpp:387:13:void MX_DCMI_Init()	8	static
main.cpp:424:13:void MX_ETH_Init()	16	static
main.cpp:469:13:void MX_I2C1_Init()	8	static
main.cpp:515:13:void MX_I2C3_Init()	8	static
main.cpp:561:13:void MX_QUADSPI_Init()	8	static
main.cpp:596:13:void MX_RTC_Init()	80	static
main.cpp:689:13:void MX_SAI2_Init()	8	static
main.cpp:764:13:void MX_SDMMC1_SD_Init()	4	static
main.cpp:792:13:void MX_SPDIFRX_Init()	8	static
main.cpp:828:13:void MX_SPI2_Init()	8	static
main.cpp:868:13:void MX_TIM3_Init()	64	static
main.cpp:927:13:void MX_TIM5_Init()	64	static
main.cpp:986:13:void MX_TIM8_Init()	40	static
main.cpp:1033:13:void MX_TIM12_Init()	40	static
main.cpp:1075:13:void MX_USART1_UART_Init()	8	static
main.cpp:1110:13:void MX_USART6_UART_Init()	8	static
main.cpp:1145:13:void MX_GPIO_Init()	72	static
main.cpp:1318:6:void StartDefaultTask(const void*)	16	static
main.cpp:1346:6:void HAL_TIM_PeriodElapsedCallback(TIM_HandleTypeDef*)	16	static
main.cpp:1363:6:void Error_Handler()	4	static
